/home/kamil/Moje pliki/Java/Zadanie domowe/werehouse2/src/main/java/pl/camp/it/App.java
/home/kamil/Moje pliki/Java/Zadanie domowe/werehouse2/src/main/java/pl/camp/it/model/okreslenieKategorii.java
/home/kamil/Moje pliki/Java/Zadanie domowe/werehouse2/src/main/java/pl/camp/it/service/ICategoryService.java
/home/kamil/Moje pliki/Java/Zadanie domowe/werehouse2/src/main/java/pl/camp/it/model/Products.java
/home/kamil/Moje pliki/Java/Zadanie domowe/werehouse2/src/main/java/pl/camp/it/model/Category.java
/home/kamil/Moje pliki/Java/Zadanie domowe/werehouse2/src/main/java/pl/camp/it/service/IProductsBKService.java
/home/kamil/Moje pliki/Java/Zadanie domowe/werehouse2/src/main/java/pl/camp/it/service/ProductsBKService.java
/home/kamil/Moje pliki/Java/Zadanie domowe/werehouse2/src/main/java/pl/camp/it/service/ProductService.java
/home/kamil/Moje pliki/Java/Zadanie domowe/werehouse2/src/main/java/pl/camp/it/dao/IProductDAO.java
/home/kamil/Moje pliki/Java/Zadanie domowe/werehouse2/src/main/java/pl/camp/it/dao/ICategoryDAO.java
/home/kamil/Moje pliki/Java/Zadanie domowe/werehouse2/src/main/java/pl/camp/it/GUI/GUI.java
/home/kamil/Moje pliki/Java/Zadanie domowe/werehouse2/src/main/java/pl/camp/it/dao/IProductBKDAO.java
/home/kamil/Moje pliki/Java/Zadanie domowe/werehouse2/src/main/java/pl/camp/it/dao/ProductBKDAO.java
/home/kamil/Moje pliki/Java/Zadanie domowe/werehouse2/src/main/java/pl/camp/it/service/IProductService.java
/home/kamil/Moje pliki/Java/Zadanie domowe/werehouse2/src/main/java/pl/camp/it/service/CategoryService.java
/home/kamil/Moje pliki/Java/Zadanie domowe/werehouse2/src/main/java/pl/camp/it/dao/CategoryDAO.java
/home/kamil/Moje pliki/Java/Zadanie domowe/werehouse2/src/main/java/pl/camp/it/dao/ProductDAO.java
/home/kamil/Moje pliki/Java/Zadanie domowe/werehouse2/src/main/java/pl/camp/it/model/ProductsBK.java
